ERC report (2026-07-17T22:58:26, Encoding UTF8)
Report includes: Errors, Exclusions

***** Sheet /

***** Sheet /voice/
[power_pin_not_driven]: Input Power pin not driven by any Output Power pins
    ; error
    @(1350 mils, 6650 mils): Symbol #PWR053 Pin 1 [Power input, Line]
[power_pin_not_driven]: Input Power pin not driven by any Output Power pins
    ; error
    @(1550 mils, 1450 mils): Symbol #PWR054 Pin 1 [Power input, Line]
[power_pin_not_driven]: Input Power pin not driven by any Output Power pins
    ; error
    @(2950 mils, 3900 mils): Symbol #PWR062 Pin 1 [Power input, Line]
[power_pin_not_driven]: Input Power pin not driven by any Output Power pins
    ; error
    @(3200 mils, 6850 mils): Symbol #PWR065 Pin 1 [Power input, Line]

***** Sheet /Buck converter/
[power_pin_not_driven]: Input Power pin not driven by any Output Power pins
    ; error
    @(2800 mils, 1600 mils): Symbol #PWR089 Pin 1 [Power input, Line]

***** Sheet /USB_power/
[power_pin_not_driven]: Input Power pin not driven by any Output Power pins
    ; error
    @(4100 mils, 3750 mils): Symbol U5 Pin 18 [VBUS_IN, Power input, Line]

 ** ERC messages: 6  Errors 6  Warnings 0

 ** Ignored checks:
    - Global label only appears once in the schematic
    - Four connection points are joined together
    - SPICE model issue
    - Assigned footprint doesn't match footprint filters
